index, clocks.current.sm [MHz], power.draw [W]
0, 300 MHz, 10.31 W
1, 300 MHz, 9.82 W
0, 300 MHz, 10.31 W
1, 300 MHz, 9.52 W
0, 300 MHz, 10.60 W
1, 300 MHz, 9.52 W
0, 300 MHz, 10.51 W
1, 300 MHz, 9.52 W
0, 300 MHz, 14.15 W
1, 300 MHz, 9.82 W
0, 585 MHz, 26.69 W
1, 300 MHz, 9.92 W
0, 795 MHz, 29.70 W
1, 300 MHz, 10.90 W
0, 795 MHz, 67.33 W
1, 300 MHz, 10.41 W
0, 1140 MHz, 65.97 W
1, 300 MHz, 9.52 W
0, 1530 MHz, 33.59 W
1, 300 MHz, 10.21 W
0, 1140 MHz, 66.16 W
1, 300 MHz, 9.52 W
0, 1140 MHz, 69.04 W
1, 300 MHz, 9.52 W
0, 1140 MHz, 68.94 W
1, 300 MHz, 9.52 W
0, 1140 MHz, 68.75 W
1, 300 MHz, 9.52 W
0, 1140 MHz, 67.68 W
1, 300 MHz, 9.81 W
0, 1140 MHz, 67.68 W
1, 300 MHz, 9.52 W
0, 1140 MHz, 67.58 W
1, 300 MHz, 9.52 W
0, 1140 MHz, 67.77 W
1, 300 MHz, 9.52 W
0, 1140 MHz, 67.68 W
1, 300 MHz, 9.72 W
0, 1140 MHz, 67.48 W
1, 300 MHz, 9.52 W
0, 1140 MHz, 67.58 W
1, 300 MHz, 9.52 W
0, 1350 MHz, 68.07 W
1, 300 MHz, 9.52 W
0, 1305 MHz, 67.09 W
1, 300 MHz, 9.52 W
0, 1305 MHz, 67.77 W
1, 300 MHz, 9.91 W
0, 1305 MHz, 68.84 W
1, 300 MHz, 9.72 W
0, 1305 MHz, 68.75 W
1, 300 MHz, 9.52 W
0, 1305 MHz, 70.36 W
1, 300 MHz, 9.52 W
0, 1305 MHz, 69.04 W
1, 300 MHz, 9.52 W
0, 1320 MHz, 68.45 W
1, 300 MHz, 9.91 W
0, 1560 MHz, 53.26 W
1, 300 MHz, 9.62 W
0, 1590 MHz, 56.24 W
1, 300 MHz, 9.62 W
0, 1590 MHz, 57.03 W
1, 300 MHz, 9.72 W
0, 1590 MHz, 57.12 W
1, 300 MHz, 9.62 W
0, 1590 MHz, 57.22 W
1, 300 MHz, 9.72 W
0, 1590 MHz, 57.32 W
1, 300 MHz, 9.52 W
0, 1590 MHz, 57.22 W
1, 300 MHz, 9.52 W
0, 1590 MHz, 57.22 W
1, 300 MHz, 9.52 W
0, 1590 MHz, 57.22 W
1, 300 MHz, 9.91 W
0, 1590 MHz, 57.22 W
1, 300 MHz, 9.81 W
0, 1590 MHz, 57.22 W
1, 300 MHz, 9.82 W
0, 1590 MHz, 57.42 W
1, 300 MHz, 9.82 W
0, 1590 MHz, 57.42 W
1, 300 MHz, 9.72 W
0, 1590 MHz, 57.51 W
1, 300 MHz, 10.11 W
0, 1590 MHz, 57.51 W
1, 300 MHz, 9.92 W
0, 1590 MHz, 57.51 W
1, 300 MHz, 9.42 W
0, 1590 MHz, 57.71 W
1, 300 MHz, 9.52 W
0, 1590 MHz, 57.57 W
1, 300 MHz, 9.52 W
0, 1590 MHz, 57.71 W
1, 300 MHz, 9.62 W
0, 1590 MHz, 57.61 W
1, 300 MHz, 9.52 W
0, 1590 MHz, 57.61 W
1, 300 MHz, 9.52 W
0, 1590 MHz, 57.51 W
1, 300 MHz, 9.52 W
0, 1590 MHz, 57.32 W
1, 300 MHz, 10.11 W
0, 1590 MHz, 57.51 W
1, 300 MHz, 9.72 W
0, 1590 MHz, 57.71 W
1, 300 MHz, 9.72 W
0, 1590 MHz, 57.61 W
1, 300 MHz, 9.72 W
0, 1590 MHz, 57.61 W
1, 300 MHz, 9.72 W
0, 1590 MHz, 57.71 W
1, 300 MHz, 10.02 W
0, 1590 MHz, 57.81 W
1, 300 MHz, 9.62 W
0, 1590 MHz, 57.81 W
1, 300 MHz, 10.02 W
0, 1590 MHz, 57.81 W
1, 300 MHz, 9.52 W
0, 1590 MHz, 57.77 W
1, 300 MHz, 9.82 W
0, 1590 MHz, 57.57 W
1, 300 MHz, 9.91 W
0, 1590 MHz, 57.71 W
1, 300 MHz, 9.92 W
0, 1590 MHz, 58.00 W
1, 300 MHz, 10.02 W
0, 1590 MHz, 57.90 W
1, 300 MHz, 10.02 W
0, 1590 MHz, 58.00 W
1, 300 MHz, 9.92 W
0, 1590 MHz, 58.00 W
1, 300 MHz, 9.82 W
0, 1590 MHz, 58.06 W
1, 300 MHz, 9.72 W
0, 1590 MHz, 58.16 W
1, 300 MHz, 9.42 W
0, 1590 MHz, 58.16 W
1, 300 MHz, 9.72 W
0, 1590 MHz, 58.06 W
1, 300 MHz, 10.21 W
0, 1590 MHz, 58.10 W
1, 300 MHz, 9.52 W
0, 1590 MHz, 58.00 W
1, 300 MHz, 9.52 W
0, 1590 MHz, 58.19 W
1, 300 MHz, 9.52 W
0, 1590 MHz, 58.16 W
1, 300 MHz, 9.52 W
0, 1590 MHz, 58.19 W
1, 300 MHz, 10.51 W
0, 1590 MHz, 58.19 W
1, 300 MHz, 9.62 W
0, 1590 MHz, 58.35 W
1, 300 MHz, 9.62 W
0, 1590 MHz, 58.35 W
1, 300 MHz, 9.62 W
0, 1590 MHz, 58.49 W
1, 300 MHz, 9.62 W
0, 1590 MHz, 58.39 W
1, 300 MHz, 9.52 W
0, 1590 MHz, 58.35 W
1, 300 MHz, 9.42 W
0, 1590 MHz, 58.45 W
1, 300 MHz, 9.52 W
0, 1590 MHz, 58.35 W
1, 300 MHz, 9.52 W
0, 1590 MHz, 58.45 W
1, 300 MHz, 9.52 W
0, 1590 MHz, 58.45 W
1, 300 MHz, 9.52 W
0, 1590 MHz, 58.49 W
1, 300 MHz, 9.42 W
0, 1590 MHz, 58.45 W
1, 300 MHz, 9.72 W
0, 1590 MHz, 58.65 W
1, 300 MHz, 9.72 W
0, 1590 MHz, 58.74 W
1, 300 MHz, 9.92 W
0, 1590 MHz, 58.65 W
1, 300 MHz, 9.52 W
0, 1590 MHz, 58.55 W
1, 300 MHz, 9.52 W
0, 1590 MHz, 58.45 W
1, 300 MHz, 9.52 W
0, 1590 MHz, 58.74 W
1, 300 MHz, 9.62 W
0, 1590 MHz, 58.65 W
1, 300 MHz, 9.72 W
0, 1590 MHz, 58.65 W
1, 300 MHz, 9.52 W
0, 1590 MHz, 58.74 W
1, 300 MHz, 9.52 W
0, 1590 MHz, 58.74 W
1, 300 MHz, 9.52 W
0, 1590 MHz, 58.84 W
1, 300 MHz, 9.52 W
0, 1590 MHz, 58.84 W
1, 300 MHz, 9.82 W
0, 1590 MHz, 58.94 W
1, 300 MHz, 9.52 W
0, 1590 MHz, 58.84 W
1, 300 MHz, 9.52 W
0, 1590 MHz, 59.04 W
1, 300 MHz, 9.52 W
0, 1590 MHz, 58.94 W
1, 300 MHz, 9.72 W
0, 1590 MHz, 58.94 W
1, 300 MHz, 9.42 W
0, 1590 MHz, 59.04 W
1, 300 MHz, 9.42 W
0, 1590 MHz, 59.04 W
1, 300 MHz, 9.72 W
0, 1590 MHz, 59.13 W
1, 300 MHz, 9.72 W
0, 1590 MHz, 59.23 W
1, 300 MHz, 9.92 W
0, 1590 MHz, 59.13 W
1, 300 MHz, 9.52 W
0, 1590 MHz, 59.13 W
1, 300 MHz, 9.52 W
0, 1590 MHz, 59.04 W
1, 300 MHz, 9.62 W
0, 1590 MHz, 59.13 W
1, 300 MHz, 9.52 W
0, 1590 MHz, 59.23 W
1, 300 MHz, 9.52 W
0, 1590 MHz, 59.13 W
1, 300 MHz, 9.42 W
0, 1590 MHz, 59.23 W
1, 300 MHz, 9.42 W
0, 1590 MHz, 59.33 W
1, 300 MHz, 9.52 W
0, 1590 MHz, 59.42 W
1, 300 MHz, 9.42 W
0, 1590 MHz, 59.42 W
1, 300 MHz, 9.72 W
0, 1590 MHz, 59.52 W
1, 300 MHz, 9.62 W
0, 1590 MHz, 59.42 W
1, 300 MHz, 10.02 W
0, 1590 MHz, 59.42 W
1, 300 MHz, 9.62 W
0, 1590 MHz, 60.11 W
1, 300 MHz, 9.82 W
0, 1590 MHz, 60.30 W
1, 300 MHz, 9.52 W
0, 1590 MHz, 60.40 W
1, 300 MHz, 9.52 W
0, 1590 MHz, 60.30 W
1, 300 MHz, 9.52 W
0, 1590 MHz, 60.40 W
1, 300 MHz, 9.52 W
0, 1590 MHz, 60.50 W
1, 300 MHz, 10.11 W
0, 1590 MHz, 60.40 W
1, 300 MHz, 9.42 W
0, 1590 MHz, 60.50 W
1, 300 MHz, 9.42 W
0, 1590 MHz, 60.50 W
1, 300 MHz, 9.42 W
0, 1590 MHz, 60.59 W
1, 300 MHz, 9.52 W
0, 1590 MHz, 60.59 W
1, 300 MHz, 9.72 W
0, 1590 MHz, 60.50 W
1, 300 MHz, 9.72 W
0, 1590 MHz, 60.59 W
1, 300 MHz, 9.72 W
0, 1590 MHz, 60.50 W
1, 300 MHz, 9.72 W
0, 1590 MHz, 60.59 W
1, 300 MHz, 9.72 W
0, 1590 MHz, 60.69 W
1, 300 MHz, 9.72 W
0, 1590 MHz, 60.89 W
1, 300 MHz, 9.72 W
0, 1590 MHz, 60.79 W
1, 300 MHz, 9.72 W
0, 1590 MHz, 60.79 W
1, 300 MHz, 9.72 W
0, 1590 MHz, 60.79 W
1, 300 MHz, 10.02 W
0, 1590 MHz, 60.85 W
1, 300 MHz, 9.72 W
0, 1590 MHz, 60.79 W
1, 300 MHz, 9.62 W
0, 1590 MHz, 60.89 W
1, 300 MHz, 9.62 W
0, 1590 MHz, 40.21 W
1, 300 MHz, 10.02 W
